module tidy

go 1.23.0

require (
	golang.org/x/time v0.8.0
)
